[TIMELINE] START_SEQUENCE | host=2026-07-29T17:35:06 | device=sh-3.2# date '+%Y-%m-%d %H:%M:%S %Z'
2026-07-28 00:55:12 UTC
[TIMELINE] START_CODING_PROVISIONING | host=2026-07-29T17:35:07 | device=sh-3.2# date '+%Y-%m-%d %H:%M:%S %Z'
2026-07-28 00:55:12 UTC
[TIMELINE] END_CODING_PROVISIONING | host=2026-07-29T17:35:15 | device=sh-3.2# date '+%Y-%m-%d %H:%M:%S %Z'
2026-07-28 00:55:20 UTC
[TIMELINE] START_DIAGNOSTICS | host=2026-07-29T17:35:15 | device=sh-3.2# date '+%Y-%m-%d %H:%M:%S %Z'
2026-07-28 00:55:20 UTC
[TIMELINE] END_DIAGNOSTICS | host=2026-07-29T17:36:07 | device=sh-3.2#
sh-3.2# date '+%Y-%m-%d %H:%M:%S %Z'
2026-07-28 00:55:47 UTC
[TIMELINE] START_DTC | host=2026-07-29T17:36:41 | device=sh-3.2# date '+%Y-%m-%d %H:%M:%S %Z'
2026-07-28 00:56:19 UTC
[TIMELINE] END_DTC | host=2026-07-29T17:40:00 | device=sh-3.2#
date '+%Y-%m-%d %H:%M:%S %Z'
2026-07-28 00:58:46 UTC
[TIMELINE] START_CYBERSECURITY | host=2026-07-29T17:40:01 | device=sh-3.2# date '+%Y-%m-%d %H:%M:%S %Z'
2026-07-28 00:58:46 UTC
[TIMELINE] END_CYBERSECURITY | host=2026-07-29T17:41:01 | device=Inject was successful
sh-3.2# date '+%Y-%m-%d %H:%M:%S %Z'
2026-07-28 00:59:46 UTC
[TIMELINE] START_V2X | host=2026-07-29T17:41:01 | device=sh-3.2# date '+%Y-%m-%d %H:%M:%S %Z'
2026-07-28 00:59:46 UTC
[TIMELINE] END_V2X | host=2026-07-29T17:41:35 | device=sh-3.2# date '+%Y-%m-%d %H:%M:%S %Z'
2026-07-28 01:00:21 UTC
[TIMELINE] END_SEQUENCE | host=2026-07-29T17:41:49 | device=sh-3.2# date '+%Y-%m-%d %H:%M:%S %Z'
2026-07-28 01:00:34 UTC
